current directory: C:/Users/timot/Documents/GitHub/newyorktrailheads/vendor/bundle/ruby/3.1.0/gems/json-2.18.0/ext/json/ext/parser
C:/Ruby31-x64/bin/ruby.exe -I C:/Ruby31-x64/lib/ruby/3.1.0 extconf.rb
checking for rb_enc_interned_str() in ruby/encoding.h... yes
checking for rb_str_to_interned_str() in ruby.h... yes
checking for rb_hash_new_capa() in ruby.h... no
checking for rb_hash_bulk_insert() in ruby.h... yes
checking for whether -std=c99 is accepted as CFLAGS... yes
checking for x86intrin.h... yes
checking for cpuid.h... yes
creating Makefile

current directory: C:/Users/timot/Documents/GitHub/newyorktrailheads/vendor/bundle/ruby/3.1.0/gems/json-2.18.0/ext/json/ext/parser
make DESTDIR\= sitearchdir\=./.gem.20251230-11084-qp58vp sitelibdir\=./.gem.20251230-11084-qp58vp clean

current directory: C:/Users/timot/Documents/GitHub/newyorktrailheads/vendor/bundle/ruby/3.1.0/gems/json-2.18.0/ext/json/ext/parser
make DESTDIR\= sitearchdir\=./.gem.20251230-11084-qp58vp sitelibdir\=./.gem.20251230-11084-qp58vp
generating parser-x64-mingw-ucrt.def
compiling parser.c
linking shared-object json/ext/parser.so

current directory: C:/Users/timot/Documents/GitHub/newyorktrailheads/vendor/bundle/ruby/3.1.0/gems/json-2.18.0/ext/json/ext/parser
make DESTDIR\= sitearchdir\=./.gem.20251230-11084-qp58vp sitelibdir\=./.gem.20251230-11084-qp58vp install
/usr/bin/install -c -m 0755 parser.so ./.gem.20251230-11084-qp58vp/json/ext
