current directory: C:/Users/timot/Documents/GitHub/newyorktrailheads/vendor/bundle/ruby/3.1.0/gems/wdm-0.2.0/ext/wdm
C:/Ruby31-x64/bin/ruby.exe -I C:/Ruby31-x64/lib/ruby/3.1.0 extconf.rb
checking for -lkernel32... yes
checking for windows.h... yes
creating Makefile

current directory: C:/Users/timot/Documents/GitHub/newyorktrailheads/vendor/bundle/ruby/3.1.0/gems/wdm-0.2.0/ext/wdm
make DESTDIR\= sitearchdir\=./.gem.20251230-2604-ovu1pt sitelibdir\=./.gem.20251230-2604-ovu1pt clean

current directory: C:/Users/timot/Documents/GitHub/newyorktrailheads/vendor/bundle/ruby/3.1.0/gems/wdm-0.2.0/ext/wdm
make DESTDIR\= sitearchdir\=./.gem.20251230-2604-ovu1pt sitelibdir\=./.gem.20251230-2604-ovu1pt
generating wdm_ext-x64-mingw-ucrt.def
compiling entry.c
compiling memory.c
compiling monitor.c
compiling queue.c
compiling rb_change.c
compiling rb_monitor.c
compiling utils.c
compiling wdm.c
linking shared-object wdm_ext.so

current directory: C:/Users/timot/Documents/GitHub/newyorktrailheads/vendor/bundle/ruby/3.1.0/gems/wdm-0.2.0/ext/wdm
make DESTDIR\= sitearchdir\=./.gem.20251230-2604-ovu1pt sitelibdir\=./.gem.20251230-2604-ovu1pt install
/usr/bin/install -c -m 0755 wdm_ext.so ./.gem.20251230-2604-ovu1pt
